Component: ARM Compiler 5.06 update 5 (build 528) Tool: armlink [4d35e2]

==============================================================================

Section Cross References

    stm32f10x_it.o(.text) refers to usart.o(.text) for UsartPrintf
    system_stm32f10x.o(.text) refers to system_stm32f10x.o(.data) for SystemCoreClock
    startup_stm32f10x_md.o(RESET) refers to startup_stm32f10x_md.o(STACK) for __initial_sp
    startup_stm32f10x_md.o(RESET) refers to startup_stm32f10x_md.o(.text) for Reset_Handler
    startup_stm32f10x_md.o(RESET) refers to stm32f10x_it.o(.text) for NMI_Handler
    startup_stm32f10x_md.o(RESET) refers to midea.o(.text) for TIM2_IRQHandler
    startup_stm32f10x_md.o(RESET) refers to usart.o(.text) for USART1_IRQHandler
    startup_stm32f10x_md.o(RESET) refers to esp8266.o(.text) for USART2_IRQHandler
    startup_stm32f10x_md.o(.text) refers to system_stm32f10x.o(.text) for SystemInit
    startup_stm32f10x_md.o(.text) refers to entry.o(.ARM.Collect$$$$00000000) for __main
    stm32f10x_gpio.o(.text) refers to stm32f10x_rcc.o(.text) for RCC_APB2PeriphResetCmd
    stm32f10x_rcc.o(.text) refers to stm32f10x_rcc.o(.data) for APBAHBPrescTable
    stm32f10x_usart.o(.text) refers to stm32f10x_rcc.o(.text) for RCC_APB2PeriphResetCmd
    stm32f10x_adc.o(.text) refers to stm32f10x_rcc.o(.text) for RCC_APB2PeriphResetCmd
    stm32f10x_bkp.o(.text) refers to stm32f10x_rcc.o(.text) for RCC_BackupResetCmd
    stm32f10x_can.o(.text) refers to stm32f10x_rcc.o(.text) for RCC_APB1PeriphResetCmd
    stm32f10x_cec.o(.text) refers to stm32f10x_rcc.o(.text) for RCC_APB1PeriphResetCmd
    stm32f10x_dac.o(.text) refers to stm32f10x_rcc.o(.text) for RCC_APB1PeriphResetCmd
    stm32f10x_i2c.o(.text) refers to stm32f10x_rcc.o(.text) for RCC_APB1PeriphResetCmd
    stm32f10x_pwr.o(.text) refers to stm32f10x_rcc.o(.text) for RCC_APB1PeriphResetCmd
    stm32f10x_spi.o(.text) refers to stm32f10x_rcc.o(.text) for RCC_APB2PeriphResetCmd
    stm32f10x_tim.o(.text) refers to stm32f10x_rcc.o(.text) for RCC_APB2PeriphResetCmd
    stm32f10x_wwdg.o(.text) refers to stm32f10x_rcc.o(.text) for RCC_APB1PeriphResetCmd
    usart.o(.text) refers to stm32f10x_rcc.o(.text) for RCC_APB2PeriphClockCmd
    usart.o(.text) refers to stm32f10x_gpio.o(.text) for GPIO_Init
    usart.o(.text) refers to stm32f10x_usart.o(.text) for USART_Init
    usart.o(.text) refers to misc.o(.text) for NVIC_Init
    usart.o(.text) refers to printfa.o(i.__0vsnprintf) for vsnprintf
    midea.o(.text) refers to timer.o(.text) for Timer_Init
    midea.o(.text) refers to stm32f10x_tim.o(.text) for TIM_GetITStatus
    midea.o(.text) refers to stm32f10x_gpio.o(.text) for GPIO_ReadOutputDataBit
    midea.o(.text) refers to midea.o(.data) for IR_cnt
    oled.o(.text) refers to stm32f10x_rcc.o(.text) for RCC_APB2PeriphClockCmd
    oled.o(.text) refers to stm32f10x_gpio.o(.text) for GPIO_Init
    oled.o(.text) refers to oled.o(.constdata) for OLED_F8x16
    dht11.o(.text) refers to stm32f10x_gpio.o(.text) for GPIO_WriteBit
    dht11.o(.text) refers to delay.o(.text) for Delay_ms
    dht11.o(.text) refers to stm32f10x_rcc.o(.text) for RCC_APB2PeriphClockCmd
    main.o(.text) refers to oled.o(.text) for OLED_Init
    main.o(.text) refers to misc.o(.text) for NVIC_PriorityGroupConfig
    main.o(.text) refers to midea.o(.text) for remote_Init
    main.o(.text) refers to usart.o(.text) for Usart1_Init
    main.o(.text) refers to delay.o(.text) for Delay_s
    main.o(.text) refers to dht11.o(.text) for DHT11_Init
    main.o(.text) refers to esp8266.o(.text) for ESP8266_Init
    main.o(.text) refers to onenet.o(.text) for OneNet_DevLink
    main.o(.text) refers to main.o(.data) for temp_Set
    onenet.o(.text) refers to _scanf_int.o(.text) for _scanf_int
    onenet.o(.text) refers to _scanf_str.o(.text) for _scanf_string
    onenet.o(.text) refers to strlen.o(.text) for strlen
    onenet.o(.text) refers to strcat.o(.text) for strcat
    onenet.o(.text) refers to memseta.o(.text) for __aeabi_memclr4
    onenet.o(.text) refers to base64.o(.text) for BASE64_Decode
    onenet.o(.text) refers to printfa.o(i.__0snprintf) for __2snprintf
    onenet.o(.text) refers to hmac_sha1.o(.text) for hmac_sha1
    onenet.o(.text) refers to malloc.o(i.malloc) for malloc
    onenet.o(.text) refers to delay.o(.text) for Delay_ms
    onenet.o(.text) refers to esp8266.o(.text) for ESP8266_SendCmd
    onenet.o(.text) refers to strstr.o(.text) for strstr
    onenet.o(.text) refers to __0sscanf.o(.text) for __0sscanf
    onenet.o(.text) refers to malloc.o(i.free) for free
    onenet.o(.text) refers to usart.o(.text) for UsartPrintf
    onenet.o(.text) refers to mqttkit.o(.text) for MQTT_PacketConnect
    onenet.o(.text) refers to strcpy.o(.text) for strcpy
    onenet.o(.text) refers to printfa.o(i.__0sprintf) for __2sprintf
    onenet.o(.text) refers to onenet.o(.conststring) for .conststring
    onenet.o(.text) refers to onenet.o(.bss) for key
[...]
    fwlib\src\stm32f10x_exti.c               0x00000000   Number         0  stm32f10x_exti.o ABSOLUTE
    fwlib\src\stm32f10x_flash.c              0x00000000   Number         0  stm32f10x_flash.o ABSOLUTE
    fwlib\src\stm32f10x_fsmc.c               0x00000000   Number         0  stm32f10x_fsmc.o ABSOLUTE
    fwlib\src\stm32f10x_gpio.c               0x00000000   Number         0  stm32f10x_gpio.o ABSOLUTE
    fwlib\src\stm32f10x_i2c.c                0x00000000   Number         0  stm32f10x_i2c.o ABSOLUTE
    fwlib\src\stm32f10x_iwdg.c               0x00000000   Number         0  stm32f10x_iwdg.o ABSOLUTE
    fwlib\src\stm32f10x_pwr.c                0x00000000   Number         0  stm32f10x_pwr.o ABSOLUTE
    fwlib\src\stm32f10x_rcc.c                0x00000000   Number         0  stm32f10x_rcc.o ABSOLUTE
    fwlib\src\stm32f10x_rtc.c                0x00000000   Number         0  stm32f10x_rtc.o ABSOLUTE
    fwlib\src\stm32f10x_sdio.c               0x00000000   Number         0  stm32f10x_sdio.o ABSOLUTE
    fwlib\src\stm32f10x_spi.c                0x00000000   Number         0  stm32f10x_spi.o ABSOLUTE
    fwlib\src\stm32f10x_tim.c                0x00000000   Number         0  stm32f10x_tim.o ABSOLUTE
    fwlib\src\stm32f10x_usart.c              0x00000000   Number         0  stm32f10x_usart.o ABSOLUTE
    fwlib\src\stm32f10x_wwdg.c               0x00000000   Number         0  stm32f10x_wwdg.o ABSOLUTE
    handlers.s                               0x00000000   Number         0  handlers.o ABSOLUTE
    hardware\\src\\sys.c                     0x00000000   Number         0  sys.o ABSOLUTE
    hardware\src\Delay.c                     0x00000000   Number         0  delay.o ABSOLUTE
    hardware\src\Midea.c                     0x00000000   Number         0  midea.o ABSOLUTE
    hardware\src\OLED.c                      0x00000000   Number         0  oled.o ABSOLUTE
    hardware\src\dht11.c                     0x00000000   Number         0  dht11.o ABSOLUTE
    hardware\src\sys.c                       0x00000000   Number         0  sys.o ABSOLUTE
    hardware\src\usart.c                     0x00000000   Number         0  usart.o ABSOLUTE
    init.s                                   0x00000000   Number         0  init.o ABSOLUTE
    user\main.c                              0x00000000   Number         0  main.o ABSOLUTE
    RESET                                    0x08000000   Section      236  startup_stm32f10x_md.o(RESET)
    .ARM.Collect$$$$00000000                 0x080000ec   Section        0  entry.o(.ARM.Collect$$$$00000000)
    .ARM.Collect$$$$00000001                 0x080000ec   Section        4  entry2.o(.ARM.Collect$$$$00000001)
    .ARM.Collect$$$$00000004                 0x080000f0   Section        4  entry5.o(.ARM.Collect$$$$00000004)
    .ARM.Collect$$$$00000008                 0x080000f4   Section        0  entry7b.o(.ARM.Collect$$$$00000008)
    .ARM.Collect$$$$0000000A                 0x080000f4   Section        0  entry8b.o(.ARM.Collect$$$$0000000A)
    .ARM.Collect$$$$0000000B                 0x080000f4   Section        8  entry9a.o(.ARM.Collect$$$$0000000B)
    .ARM.Collect$$$$0000000D                 0x080000fc   Section        0  entry10a.o(.ARM.Collect$$$$0000000D)
    .ARM.Collect$$$$0000000F                 0x080000fc   Section        0  entry11a.o(.ARM.Collect$$$$0000000F)
    .ARM.Collect$$$$00002712                 0x080000fc   Section        4  entry2.o(.ARM.Collect$$$$00002712)
    __lit__00000000                          0x080000fc   Data           4  entry2.o(.ARM.Collect$$$$00002712)
    .text                                    0x08000100   Section        0  stm32f10x_it.o(.text)
    .text                                    0x08000234   Section        0  system_stm32f10x.o(.text)
    SetSysClockTo72                          0x08000235   Thumb Code   214  system_stm32f10x.o(.text)
    SetSysClock                              0x0800030b   Thumb Code     8  system_stm32f10x.o(.text)
    .text                                    0x08000414   Section       36  startup_stm32f10x_md.o(.text)
    .text                                    0x08000438   Section        0  misc.o(.text)
    .text                                    0x08000514   Section        0  stm32f10x_gpio.o(.text)
    .text                                    0x08000870   Section        0  stm32f10x_rcc.o(.text)
    .text                                    0x08000c14   Section        0  stm32f10x_usart.o(.text)
    .text                                    0x0800101c   Section        0  stm32f10x_tim.o(.text)
    TI4_Config                               0x080014c3   Thumb Code   130  stm32f10x_tim.o(.text)
    TI3_Config                               0x08001557   Thumb Code   122  stm32f10x_tim.o(.text)
    TI2_Config                               0x080015eb   Thumb Code   130  stm32f10x_tim.o(.text)
    TI1_Config                               0x0800167f   Thumb Code   108  stm32f10x_tim.o(.text)
    .text                                    0x08001e38   Section        0  usart.o(.text)
    .text                                    0x08002020   Section        0  midea.o(.text)
    .text                                    0x0800235c   Section        0  oled.o(.text)
    .text                                    0x080027e8   Section        0  dht11.o(.text)
    .text                                    0x08002988   Section        0  delay.o(.text)
    .text                                    0x080029e8   Section        0  main.o(.text)
    .text                                    0x08002d04   Section        0  onenet.o(.text)
    OTA_UrlEncode                            0x08002d05   Thumb Code   246  onenet.o(.text)
    OneNET_Authorization                     0x08002dfb   Thumb Code   284  onenet.o(.text)
    .text                                    0x08003acc   Section        0  hmac_sha1.o(.text)
    .text                                    0x08003f54   Section        0  base64.o(.text)
    .text                                    0x08004204   Section        0  mqttkit.o(.text)
    .text                                    0x08005088   Section        0  cjson.o(.text)
    cJSON_strcasecmp                         0x0800508f   Thumb Code    76  cjson.o(.text)
    cJSON_strdup                             0x080050db   Thumb Code    40  cjson.o(.text)
    cJSON_New_Item                           0x08005133   Thumb Code    26  cjson.o(.text)
    parse_number                             0x0800519f   Thumb Code   432  cjson.o(.text)
    pow2gt                                   0x0800534f   Thumb Code    28  cjson.o(.text)
    ensure                                   0x0800536b   Thumb Code   104  cjson.o(.text)
    update                                   0x080053d3   Thumb Code    32  cjson.o(.text)
    print_number                             0x080053f3   Thumb Code   396  cjson.o(.text)
    parse_hex4                               0x0800557f   Thumb Code   276  cjson.o(.text)
    parse_string                             0x08005693   Thumb Code   448  cjson.o(.text)
    print_string_ptr                         0x08005853   Thumb Code   498  cjson.o(.text)
    print_string                             0x08005a45   Thumb Code    16  cjson.o(.text)
    skip                                     0x08005a55   Thumb Code    18  cjson.o(.text)
    parse_object                             0x08005a67   Thumb Code   270  cjson.o(.text)
    parse_array                              0x08005b75   Thumb Code   166  cjson.o(.text)
    parse_value                              0x08005c1b   Thumb Code   158  cjson.o(.text)
    print_object                             0x08005d61   Thumb Code  1052  cjson.o(.text)
    print_array                              0x0800617d   Thumb Code   578  cjson.o(.text)
    print_value                              0x080063bf   Thumb Code   290  cjson.o(.text)
    suffix_object                            0x0800657b   Thumb Code     6  cjson.o(.text)
    create_reference                         0x08006581   Thumb Code    48  cjson.o(.text)
    .text                                    0x08006b08   Section        0  esp8266.o(.text)
    .text                                    0x08006e88   Section        0  timer.o(.text)
    .text                                    0x08006f58   Section        0  tolower.o(.text)
    .text                                    0x08006f64   Section        0  memcpya.o(.text)
    .text                                    0x08006f88   Section        0  memseta.o(.text)
    .text                                    0x08006fac   Section        0  strcat.o(.text)
    .text                                    0x08006fc4   Section        0  strstr.o(.text)
    .text                                    0x08006fe8   Section        0  strncpy.o(.text)
    .text                                    0x08007000   Section        0  strchr.o(.text)
    .text                                    0x08007014   Section        0  strlen.o(.text)
    .text                                    0x08007022   Section        0  strncat.o(.text)
    .text                                    0x0800704a   Section        0  strcpy.o(.text)
    .text                                    0x0800705c   Section        0  strncmp.o(.text)
    .text                                    0x0800707c   Section        0  __0sscanf.o(.text)
    .text                                    0x080070b4   Section        0  _scanf_int.o(.text)
    .text                                    0x08007200   Section        0  _scanf_str.o(.text)
    .text                                    0x080072e0   Section        0  atoi.o(.text)
    .text                                    0x080072fa   Section        0  dadd.o(.text)
    .text                                    0x08007448   Section        0  dmul.o(.text)
    .text                                    0x0800752c   Section        0  dflti.o(.text)
    .text                                    0x0800754e   Section        0  dfixi.o(.text)
    .text                                    0x0800758c   Section        0  f2d.o(.text)
    .text                                    0x080075b4   Section       48  cdcmple.o(.text)
    .text                                    0x080075e4   Section       48  cdrcmple.o(.text)
    .text                                    0x08007614   Section        0  uidiv.o(.text)
    .text                                    0x08007640   Section        0  uldiv.o(.text)
    .text                                    0x080076a2   Section        0  llshl.o(.text)
    .text                                    0x080076c0   Section        0  llushr.o(.text)
    .text                                    0x080076e0   Section        0  llsshr.o(.text)
    .text                                    0x08007704   Section        0  _chval.o(.text)
    .text                                    0x08007720   Section        0  scanf_char.o(.text)
    _scanf_char_input                        0x08007721   Thumb Code    12  scanf_char.o(.text)
    .text                                    0x08007748   Section        0  _sgetc.o(.text)
    .text                                    0x08007788   Section        0  strtol.o(.text)
    .text                                    0x080077f8   Section        0  depilogue.o(.text)
    .text                                    0x080077f8   Section        0  iusefp.o(.text)
    .text                                    0x080078b2   Section        0  ddiv.o(.text)
    .text                                    0x08007990   Section        0  dscalb.o(.text)
    .text                                    0x080079be   Section        0  dfixul.o(.text)
    .text                                    0x080079f0   Section       36  init.o(.text)
    .text                                    0x08007a14   Section        0  ctype_o.o(.text)
    .text                                    0x08007a1c   Section        0  isspace_o.o(.text)
    .text                                    0x08007a30   Section        0  _scanf.o(.text)
    .text                                    0x08007d5c   Section        0  _strtoul.o(.text)
    .text                                    0x08007dfa   Section        0  dsqrt.o(.text)
    i.__0snprintf                            0x08007e9c   Section        0  printfa.o(i.__0snprintf)
    i.__0sprintf                             0x08007ecc   Section        0  printfa.o(i.__0sprintf)
    i.__0vsnprintf                           0x08007ef4   Section        0  printfa.o(i.__0vsnprintf)
    i.__ARM_fpclassify                       0x08007f20   Section        0  fpclassify.o(i.__ARM_fpclassify)
    i.__aeabi_errno_addr                     0x08007f48   Section        0  errno.o(i.__aeabi_errno_addr)
    i.__kernel_poly                          0x08007f50   Section        0  poly.o(i.__kernel_poly)
    i.__mathlib_dbl_divzero                  0x08007ffc   Section        0  dunder.o(i.__mathlib_dbl_divzero)
    i.__mathlib_dbl_infnan2                  0x0800800c   Section        0  dunder.o(i.__mathlib_dbl_infnan2)
    i.__mathlib_dbl_invalid                  0x08008010   Section        0  dunder.o(i.__mathlib_dbl_invalid)
    i.__mathlib_dbl_overflow                 0x0800801c   Section        0  dunder.o(i.__mathlib_dbl_overflow)
    i.__mathlib_dbl_underflow                0x0800802c   Section        0  dunder.o(i.__mathlib_dbl_underflow)
    i.__scatterload_copy                     0x0800803c   Section       14  handlers.o(i.__scatterload_copy)
    i.__scatterload_null                     0x0800804a   Section        2  handlers.o(i.__scatterload_null)
    i.__scatterload_zeroinit                 0x0800804c   Section       14  handlers.o(i.__scatterload_zeroinit)
    i.__set_errno                            0x0800805c   Section        0  errno.o(i.__set_errno)
    i._fp_digits                             0x08008068   Section        0  printfa.o(i._fp_digits)
    _fp_digits                               0x08008069   Thumb Code   366  printfa.o(i._fp_digits)
    i._printf_core                           0x080081ec   Section        0  printfa.o(i._printf_core)
    _printf_core                             0x080081ed   Thumb Code  1744  printfa.o(i._printf_core)
    i._printf_post_padding                   0x080088c8   Section        0  printfa.o(i._printf_post_padding)
    _printf_post_padding                     0x080088c9   Thumb Code    36  printfa.o(i._printf_post_padding)
    i._printf_pre_padding                    0x080088ec   Section        0  printfa.o(i._printf_pre_padding)
    _printf_pre_padding                      0x080088ed   Thumb Code    46  printfa.o(i._printf_pre_padding)
    i._snputc                                0x0800891a   Section        0  printfa.o(i._snputc)
    _snputc                                  0x0800891b   Thumb Code    22  printfa.o(i._snputc)
    i._sputc                                 0x08008930   Section        0  printfa.o(i._sputc)
    _sputc                                   0x08008931   Thumb Code    10  printfa.o(i._sputc)
    i.floor                                  0x0800893c   Section        0  floor.o(i.floor)
    i.free                                   0x08008a18   Section        0  malloc.o(i.free)
    i.malloc                                 0x08008a68   Section        0  malloc.o(i.malloc)
    i.pow                                    0x08008ad4   Section        0  pow.o(i.pow)
    i.sqrt                                   0x080094ac   Section        0  sqrt.o(i.sqrt)
    .constdata                               0x080094f8   Section     1520  oled.o(.constdata)
    .constdata                               0x08009ae8   Section      192  base64.o(.constdata)
    base64_enc_map                           0x08009ae8   Data          64  base64.o(.constdata)
    base64_dec_map                           0x08009b28   Data         128  base64.o(.constdata)
    .constdata                               0x08009ba8   Section        7  cjson.o(.constdata)
    firstByteMark                            0x08009ba8   Data           7  cjson.o(.constdata)
    .constdata                               0x08009bb0   Section      136  pow.o(.constdata)
    bp                                       0x08009bb0   Data          16  pow.o(.constdata)
    dp_h                                     0x08009bc0   Data          16  pow.o(.constdata)
    dp_l                                     0x08009bd0   Data          16  pow.o(.constdata)
    L                                        0x08009be0   Data          48  pow.o(.constdata)
    P                                        0x08009c10   Data          40  pow.o(.constdata)
    .constdata                               0x08009c38   Section        8  qnan.o(.constdata)
    .constdata                               0x08009c40   Section      129  ctype_o.o(.constdata)
    .constdata                               0x08009cc4   Section        4  ctype_o.o(.constdata)
    table                                    0x08009cc4   Data           4  ctype_o.o(.constdata)
    .conststring                             0x08009cc8   Section      291  onenet.o(.conststring)
    .data                                    0x20000000   Section       20  system_stm32f10x.o(.data)
    .data                                    0x20000014   Section       20  stm32f10x_rcc.o(.data)
    APBAHBPrescTable                         0x20000014   Data          16  stm32f10x_rcc.o(.data)
    ADCPrescTable                            0x20000024   Data           4  stm32f10x_rcc.o(.data)
    .data                                    0x20000028   Section       25  midea.o(.data)
    .data                                    0x20000044   Section       20  main.o(.data)
    .data                                    0x20000058   Section        2  onenet.o(.data)
    pkt_id                                   0x20000058   Data           2  onenet.o(.data)
    .data                                    0x2000005c   Section       12  cjson.o(.data)
    ep                                       0x2000005c   Data           4  cjson.o(.data)
    cJSON_malloc                             0x20000060   Data           4  cjson.o(.data)
    cJSON_free                               0x20000064   Data           4  cjson.o(.data)
    .data                                    0x20000068   Section        4  esp8266.o(.data)
    .data                                    0x2000006c   Section        4  mvars.o(.data)
    .data                                    0x20000070   Section        4  mvars.o(.data)
    .data                                    0x20000074   Section        4  errno.o(.data)
    _errno                                   0x20000074   Data           4  errno.o(.data)
    .bss                                     0x20000078   Section       30  main.o(.bss)
    .bss                                     0x20000096   Section       64  onenet.o(.bss)
    .bss                                     0x200000d6   Section      512  esp8266.o(.bss)
    HEAP                                     0x200002d8   Section     1280  startup_stm32f10x_md.o(HEAP)
    STACK                                    0x200007d8   Section    13312  startup_stm32f10x_md.o(STACK)

    Global Symbols

    Symbol Name                              Value     Ov Type        Size  Object(Section)

    BuildAttributes$$THM_ISAv4$P$D$K$B$S$PE$A:L22UL41UL21$X:L11$S22US41US21$IEEE1$IW$USESV6$~STKCKD$USESV7$~SHL$OTIME$ROPI$IEEEX$EBA8$MICROLIB$REQ8$PRES8$EABIv2 0x00000000   Number         0  anon$$obj.o ABSOLUTE
    __ARM_use_no_argv                        0x00000000   Number         0  main.o ABSOLUTE
    _printf_a                                0x00000000   Number         0  stubs.o ABSOLUTE
    _printf_c                                0x00000000   Number         0  stubs.o ABSOLUTE
    _printf_charcount                        0x00000000   Number         0  stubs.o ABSOLUTE
    _printf_d                                0x00000000   Number         0  stubs.o ABSOLUTE
    _printf_e                                0x00000000   Number         0  stubs.o ABSOLUTE
    _printf_f                                0x00000000   Number         0  stubs.o ABSOLUTE
    _printf_flags                            0x00000000   Number         0  stubs.o ABSOLUTE
    _printf_fp_dec                           0x00000000   Number         0  stubs.o ABSOLUTE
    _printf_fp_hex                           0x00000000   Number         0  stubs.o ABSOLUTE
    _printf_g                                0x00000000   Number         0  stubs.o ABSOLUTE
    _printf_i                                0x00000000   Number         0  stubs.o ABSOLUTE
    _printf_int_dec                          0x00000000   Number         0  stubs.o ABSOLUTE
    _printf_l                                0x00000000   Number         0  stubs.o ABSOLUTE
    _printf_lc                               0x00000000   Number         0  stubs.o ABSOLUTE
    _printf_ll                               0x00000000   Number         0  stubs.o ABSOLUTE
    _printf_lld                              0x00000000   Number         0  stubs.o ABSOLUTE
    _printf_lli                              0x00000000   Number         0  stubs.o ABSOLUTE
    _printf_llo                              0x00000000   Number         0  stubs.o ABSOLUTE
    _printf_llu                              0x00000000   Number         0  stubs.o ABSOLUTE
    _printf_llx                              0x00000000   Number         0  stubs.o ABSOLUTE
    _printf_longlong_dec                     0x00000000   Number         0  stubs.o ABSOLUTE
    _printf_longlong_hex                     0x00000000   Number         0  stubs.o ABSOLUTE
    _printf_longlong_oct                     0x00000000   Number         0  stubs.o ABSOLUTE
    _printf_ls                               0x00000000   Number         0  stubs.o ABSOLUTE
    _printf_mbtowc                           0x00000000   Number         0  stubs.o ABSOLUTE
    _printf_n                                0x00000000   Number         0  stubs.o ABSOLUTE
    _printf_o                                0x00000000   Number         0  stubs.o ABSOLUTE
    _printf_p                                0x00000000   Number         0  stubs.o ABSOLUTE
    _printf_percent                          0x00000000   Number         0  stubs.o ABSOLUTE
    _printf_pre_padding                      0x00000000   Number         0  stubs.o ABSOLUTE
    _printf_return_value                     0x00000000   Number         0  stubs.o ABSOLUTE
    _printf_s                                0x00000000   Number         0  stubs.o ABSOLUTE
    _printf_sizespec                         0x00000000   Number         0  stubs.o ABSOLUTE
    _printf_str                              0x00000000   Number         0  stubs.o ABSOLUTE
    _printf_truncate_signed                  0x00000000   Number         0  stubs.o ABSOLUTE
    _printf_truncate_unsigned                0x00000000   Number         0  stubs.o ABSOLUTE
    _printf_u                                0x00000000   Number         0  stubs.o ABSOLUTE
    _printf_wc                               0x00000000   Number         0  stubs.o ABSOLUTE
    _printf_wctomb                           0x00000000   Number         0  stubs.o ABSOLUTE
    _printf_widthprec                        0x00000000   Number         0  stubs.o ABSOLUTE
    _printf_x                                0x00000000   Number         0  stubs.o ABSOLUTE
    __cpp_initialize__aeabi_                  - Undefined Weak Reference
    __cxa_finalize                            - Undefined Weak Reference
    __decompress                              - Undefined Weak Reference
    _clock_init                               - Undefined Weak Reference
    _microlib_exit                            - Undefined Weak Reference
    _scanf_longlong                           - Undefined Weak Reference
    _scanf_real                               - Undefined Weak Reference
    __Vectors_Size                           0x000000ec   Number         0  startup_stm32f10x_md.o ABSOLUTE
    __Vectors                                0x08000000   Data           4  startup_stm32f10x_md.o(RESET)
    __Vectors_End                            0x080000ec   Data           0  startup_stm32f10x_md.o(RESET)
    __main                                   0x080000ed   Thumb Code     0  entry.o(.ARM.Collect$$$$00000000)
    _main_stk                                0x080000ed   Thumb Code     0  entry2.o(.ARM.Collect$$$$00000001)
    _main_scatterload                        0x080000f1   Thumb Code     0  entry5.o(.ARM.Collect$$$$00000004)
    __main_after_scatterload                 0x080000f5   Thumb Code     0  entry5.o(.ARM.Collect$$$$00000004)
    _main_clock                              0x080000f5   Thumb Code     0  entry7b.o(.ARM.Collect$$$$00000008)
    _main_cpp_init                           0x080000f5   Thumb Code     0  entry8b.o(.ARM.Collect$$$$0000000A)
    _main_init                               0x080000f5   Thumb Code     0  entry9a.o(.ARM.Collect$$$$0000000B)
    __rt_final_cpp                           0x080000fd   Thumb Code     0  entry10a.o(.ARM.Collect$$$$0000000D)
    __rt_final_exit                          0x080000fd   Thumb Code     0  entry11a.o(.ARM.Collect$$$$0000000F)
    NMI_Handler                              0x08000101   Thumb Code     2  stm32f10x_it.o(.text)
    HardFault_Handler                        0x08000103   Thumb Code    12  stm32f10x_it.o(.text)
    MemManage_Handler                        0x0800010f   Thumb Code    12  stm32f10x_it.o(.text)
    BusFault_Handler                         0x0800011b   Thumb Code    12  stm32f10x_it.o(.text)
    UsageFault_Handler                       0x08000127   Thumb Code    12  stm32f10x_it.o(.text)
    SVC_Handler                              0x08000133   Thumb Code     2  stm32f10x_it.o(.text)
    DebugMon_Handler                         0x08000135   Thumb Code     2  stm32f10x_it.o(.text)
    SysTick_Handler                          0x08000137   Thumb Code     2  stm32f10x_it.o(.text)
    EXTI0_IRQHandler                         0x08000139   Thumb Code     2  stm32f10x_it.o(.text)
    RTC_IRQHandler                           0x0800013b   Thumb Code     2  stm32f10x_it.o(.text)
    SystemInit                               0x08000313   Thumb Code    78  system_stm32f10x.o(.text)
    SystemCoreClockUpdate                    0x08000361   Thumb Code   142  system_stm32f10x.o(.text)
    Reset_Handler                            0x08000415   Thumb Code     8  startup_stm32f10x_md.o(.text)
    PendSV_Handler                           0x0800042b   Thumb Code     2  startup_stm32f10x_md.o(.text)
    ADC1_2_IRQHandler                        0x0800042f   Thumb Code     0  startup_stm32f10x_md.o(.text)
    CAN1_RX1_IRQHandler                      0x0800042f   Thumb Code     0  startup_stm32f10x_md.o(.text)
    CAN1_SCE_IRQHandler                      0x0800042f   Thumb Code     0  startup_stm32f10x_md.o(.text)
    DMA1_Channel1_IRQHandler                 0x0800042f   Thumb Code     0  startup_stm32f10x_md.o(.text)
    DMA1_Channel2_IRQHandler                 0x0800042f   Thumb Code     0  startup_stm32f10x_md.o(.text)
    DMA1_Channel3_IRQHandler                 0x0800042f   Thumb Code     0  startup_stm32f10x_md.o(.text)
    DMA1_Channel4_IRQHandler                 0x0800042f   Thumb Code     0  startup_stm32f10x_md.o(.text)
    DMA1_Channel5_IRQHandler                 0x0800042f   Thumb Code     0  startup_stm32f10x_md.o(.text)
    DMA1_Channel6_IRQHandler                 0x0800042f   Thumb Code     0  startup_stm32f10x_md.o(.text)
    DMA1_Channel7_IRQHandler                 0x0800042f   Thumb Code     0  startup_stm32f10x_md.o(.text)
    EXTI15_10_IRQHandler                     0x0800042f   Thumb Code     0  startup_stm32f10x_md.o(.text)
    EXTI1_IRQHandler                         0x0800042f   Thumb Code     0  startup_stm32f10x_md.o(.text)
    EXTI2_IRQHandler                         0x0800042f   Thumb Code     0  startup_stm32f10x_md.o(.text)
    EXTI3_IRQHandler                         0x0800042f   Thumb Code     0  startup_stm32f10x_md.o(.text)
    EXTI4_IRQHandler                         0x0800042f   Thumb Code     0  startup_stm32f10x_md.o(.text)
    EXTI9_5_IRQHandler                       0x0800042f   Thumb Code     0  startup_stm32f10x_md.o(.text)
    FLASH_IRQHandler                         0x0800042f   Thumb Code     0  startup_stm32f10x_md.o(.text)
    I2C1_ER_IRQHandler                       0x0800042f   Thumb Code     0  startup_stm32f10x_md.o(.text)
    I2C1_EV_IRQHandler                       0x0800042f   Thumb Code     0  startup_stm32f10x_md.o(.text)
    I2C2_ER_IRQHandler                       0x0800042f   Thumb Code     0  startup_stm32f10x_md.o(.text)
    I2C2_EV_IRQHandler                       0x0800042f   Thumb Code     0  startup_stm32f10x_md.o(.text)
    PVD_IRQHandler                           0x0800042f   Thumb Code     0  startup_stm32f10x_md.o(.text)
    RCC_IRQHandler                           0x0800042f   Thumb Code     0  startup_stm32f10x_md.o(.text)
    RTCAlarm_IRQHandler                      0x0800042f   Thumb Code     0  startup_stm32f10x_md.o(.text)
    SPI1_IRQHandler                          0x0800042f   Thumb Code     0  startup_stm32f10x_md.o(.text)
    SPI2_IRQHandler                          0x0800042f   Thumb Code     0  startup_stm32f10x_md.o(.text)
    TAMPER_IRQHandler                        0x0800042f   Thumb Code     0  startup_stm32f10x_md.o(.text)
    TIM1_BRK_IRQHandler                      0x0800042f   Thumb Code     0  startup_stm32f10x_md.o(.text)
    TIM1_CC_IRQHandler                       0x0800042f   Thumb Code     0  startup_stm32f10x_md.o(.text)
    TIM1_TRG_COM_IRQHandler                  0x0800042f   Thumb Code     0  startup_stm32f10x_md.o(.text)
    TIM1_UP_IRQHandler                       0x0800042f   Thumb Code     0  startup_stm32f10x_md.o(.text)
    TIM3_IRQHandler                          0x0800042f   Thumb Code     0  startup_stm32f10x_md.o(.text)
    TIM4_IRQHandler                          0x0800042f   Thumb Code     0  startup_stm32f10x_md.o(.text)
    USART3_IRQHandler                        0x0800042f   Thumb Code     0  startup_stm32f10x_md.o(.text)
    USBWakeUp_IRQHandler                     0x0800042f   Thumb Code     0  startup_stm32f10x_md.o(.text)
    USB_HP_CAN1_TX_IRQHandler                0x0800042f   Thumb Code     0  startup_stm32f10x_md.o(.text)
    USB_LP_CAN1_RX0_IRQHandler               0x0800042f   Thumb Code     0  startup_stm32f10x_md.o(.text)
    WWDG_IRQHandler                          0x0800042f   Thumb Code     0  startup_stm32f10x_md.o(.text)
    NVIC_PriorityGroupConfig                 0x08000439   Thumb Code    10  misc.o(.text)
    NVIC_Init                                0x08000443   Thumb Code   100  misc.o(.text)
    NVIC_SetVectorTable                      0x080004a7   Thumb Code    14  misc.o(.text)
    NVIC_SystemLPConfig                      0x080004b5   Thumb Code    34  misc.o(.text)
    SysTick_CLKSourceConfig                  0x080004d7   Thumb Code    40  misc.o(.text)
    GPIO_DeInit                              0x08000515   Thumb Code   172  stm32f10x_gpio.o(.text)
    GPIO_AFIODeInit                          0x080005c1   Thumb Code    20  stm32f10x_gpio.o(.text)
    GPIO_Init                                0x080005d5   Thumb Code   278  stm32f10x_gpio.o(.text)
    GPIO_StructInit                          0x080006eb   Thumb Code    16  stm32f10x_gpio.o(.text)
    GPIO_ReadInputDataBit                    0x080006fb   Thumb Code    18  stm32f10x_gpio.o(.text)
    GPIO_ReadInputData                       0x0800070d   Thumb Code     8  stm32f10x_gpio.o(.text)
    GPIO_ReadOutputDataBit                   0x08000715   Thumb Code    18  stm32f10x_gpio.o(.text)
    GPIO_ReadOutputData                      0x08000727   Thumb Code     8  stm32f10x_gpio.o(.text)
    GPIO_SetBits                             0x0800072f   Thumb Code     4  stm32f10x_gpio.o(.text)
    GPIO_ResetBits                           0x08000733   Thumb Code     4  stm32f10x_gpio.o(.text)
    GPIO_WriteBit                            0x08000737   Thumb Code    10  stm32f10x_gpio.o(.text)
    GPIO_Write                               0x08000741   Thumb Code     4  stm32f10x_gpio.o(.text)
    GPIO_PinLockConfig                       0x08000745   Thumb Code    18  stm32f10x_gpio.o(.text)
    GPIO_EventOutputConfig                   0x08000757   Thumb Code    26  stm32f10x_gpio.o(.text)
    GPIO_EventOutputCmd                      0x08000771   Thumb Code     6  stm32f10x_gpio.o(.text)
    GPIO_PinRemapConfig                      0x08000777   Thumb Code   138  stm32f10x_gpio.o(.text)
    GPIO_EXTILineConfig                      0x08000801   Thumb Code    66  stm32f10x_gpio.o(.text)
    GPIO_ETH_MediaInterfaceConfig            0x08000843   Thumb Code     8  stm32f10x_gpio.o(.text)
    RCC_DeInit                               0x08000871   Thumb Code    64  stm32f10x_rcc.o(.text)
    RCC_HSEConfig                            0x080008b1   Thumb Code    70  stm32f10x_rcc.o(.text)
    RCC_GetFlagStatus                        0x080008f7   Thumb Code    56  stm32f10x_rcc.o(.text)
    RCC_WaitForHSEStartUp                    0x0800092f   Thumb Code    56  stm32f10x_rcc.o(.text)
    RCC_AdjustHSICalibrationValue            0x08000967   Thumb Code    20  stm32f10x_rcc.o(.text)
    RCC_HSICmd                               0x0800097b   Thumb Code     6  stm32f10x_rcc.o(.text)
    RCC_PLLConfig                            0x08000981   Thumb Code    24  stm32f10x_rcc.o(.text)
    RCC_PLLCmd                               0x08000999   Thumb Code     6  stm32f10x_rcc.o(.text)
    RCC_SYSCLKConfig                         0x0800099f   Thumb Code    18  stm32f10x_rcc.o(.text)
    RCC_GetSYSCLKSource                      0x080009b1   Thumb Code    10  stm32f10x_rcc.o(.text)
    RCC_HCLKConfig                           0x080009bb   Thumb Code    18  stm32f10x_rcc.o(.text)
    RCC_PCLK1Config                          0x080009cd   Thumb Code    18  stm32f10x_rcc.o(.text)
    RCC_PCLK2Config                          0x080009df   Thumb Code    20  stm32f10x_rcc.o(.text)
    RCC_ITConfig                             0x080009f3   Thumb Code    26  stm32f10x_rcc.o(.text)
    RCC_USBCLKConfig                         0x08000a0d   Thumb Code     8  stm32f10x_rcc.o(.text)
    RCC_ADCCLKConfig                         0x08000a15   Thumb Code    18  stm32f10x_rcc.o(.text)
    RCC_LSEConfig                            0x08000a27   Thumb Code    50  stm32f10x_rcc.o(.text)
    RCC_LSICmd                               0x08000a59   Thumb Code     6  stm32f10x_rcc.o(.text)
    RCC_RTCCLKConfig                         0x08000a5f   Thumb Code    12  stm32f10x_rcc.o(.text)
    RCC_RTCCLKCmd                            0x08000a6b   Thumb Code     8  stm32f10x_rcc.o(.text)
    RCC_GetClocksFreq                        0x08000a73   Thumb Code   192  stm32f10x_rcc.o(.text)
    RCC_AHBPeriphClockCmd                    0x08000b33   Thumb Code    26  stm32f10x_rcc.o(.text)
    RCC_APB2PeriphClockCmd                   0x08000b4d   Thumb Code    26  stm32f10x_rcc.o(.text)
    RCC_APB1PeriphClockCmd                   0x08000b67   Thumb Code    26  stm32f10x_rcc.o(.text)
    RCC_APB2PeriphResetCmd                   0x08000b81   Thumb Code    26  stm32f10x_rcc.o(.text)
    RCC_APB1PeriphResetCmd                   0x08000b9b   Thumb Code    26  stm32f10x_rcc.o(.text)
    RCC_BackupResetCmd                       0x08000bb5   Thumb Code     8  stm32f10x_rcc.o(.text)
    RCC_ClockSecuritySystemCmd               0x08000bbd   Thumb Code     6  stm32f10x_rcc.o(.text)
    RCC_MCOConfig                            0x08000bc3   Thumb Code     6  stm32f10x_rcc.o(.text)
    RCC_ClearFlag                            0x08000bc9   Thumb Code    14  stm32f10x_rcc.o(.text)
    RCC_GetITStatus                          0x08000bd7   Thumb Code    20  stm32f10x_rcc.o(.text)
    RCC_ClearITPendingBit                    0x08000beb   Thumb Code     6  stm32f10x_rcc.o(.text)
    USART_DeInit                             0x08000c15   Thumb Code   134  stm32f10x_usart.o(.text)
    USART_Init                               0x08000c9b   Thumb Code   210  stm32f10x_usart.o(.text)
    USART_StructInit                         0x08000d6d   Thumb Code    24  stm32f10x_usart.o(.text)
    USART_ClockInit                          0x08000d85   Thumb Code    34  stm32f10x_usart.o(.text)
    USART_ClockStructInit                    0x08000da7   Thumb Code    12  stm32f10x_usart.o(.text)
    USART_Cmd                                0x08000db3   Thumb Code    24  stm32f10x_usart.o(.text)
    USART_ITConfig                           0x08000dcb   Thumb Code    74  stm32f10x_usart.o(.text)
    USART_DMACmd                             0x08000e15   Thumb Code    18  stm32f10x_usart.o(.text)
    USART_SetAddress                         0x08000e27   Thumb Code    18  stm32f10x_usart.o(.text)
    USART_WakeUpConfig                       0x08000e39   Thumb Code    18  stm32f10x_usart.o(.text)
    USART_ReceiverWakeUpCmd                  0x08000e4b   Thumb Code    24  stm32f10x_usart.o(.text)
    USART_LINBreakDetectLengthConfig         0x08000e63   Thumb Code    18  stm32f10x_usart.o(.text)
    USART_LINCmd                             0x08000e75   Thumb Code    24  stm32f10x_usart.o(.text)
    USART_SendData                           0x08000e8d   Thumb Code     8  stm32f10x_usart.o(.text)
    USART_ReceiveData                        0x08000e95   Thumb Code    10  stm32f10x_usart.o(.text)
    USART_SendBreak                          0x08000e9f   Thumb Code    10  stm32f10x_usart.o(.text)
    USART_SetGuardTime                       0x08000ea9   Thumb Code    16  stm32f10x_usart.o(.text)
    USART_SetPrescaler                       0x08000eb9   Thumb Code    16  stm32f10x_usart.o(.text)
    USART_SmartCardCmd                       0x08000ec9   Thumb Code    24  stm32f10x_usart.o(.text)
    USART_SmartCardNACKCmd                   0x08000ee1   Thumb Code    24  stm32f10x_usart.o(.text)
    USART_HalfDuplexCmd                      0x08000ef9   Thumb Code    24  stm32f10x_usart.o(.text)
    USART_OverSampling8Cmd                   0x08000f11   Thumb Code    22  stm32f10x_usart.o(.text)
    USART_OneBitMethodCmd                    0x08000f27   Thumb Code    24  stm32f10x_usart.o(.text)
    USART_IrDAConfig                         0x08000f3f   Thumb Code    18  stm32f10x_usart.o(.text)
    USART_IrDACmd                            0x08000f51   Thumb Code    24  stm32f10x_usart.o(.text)
    USART_GetFlagStatus                      0x08000f69   Thumb Code    26  stm32f10x_usart.o(.text)
    USART_ClearFlag                          0x08000f83   Thumb Code    18  stm32f10x_usart.o(.text)
    USART_GetITStatus                        0x08000f95   Thumb Code    84  stm32f10x_usart.o(.text)
    USART_ClearITPendingBit                  0x08000fe9   Thumb Code    52  stm32f10x_usart.o(.text)
    TIM_DeInit                               0x0800101d   Thumb Code   424  stm32f10x_tim.o(.text)
    TIM_TimeBaseInit                         0x080011c5   Thumb Code   122  stm32f10x_tim.o(.text)
    TIM_OC1Init                              0x0800123f   Thumb Code   132  stm32f10x_tim.o(.text)
    TIM_OC2Init                              0x080012c3   Thumb Code   154  stm32f10x_tim.o(.text)
    TIM_OC3Init                              0x0800135d   Thumb Code   150  stm32f10x_tim.o(.text)
    TIM_OC4Init                              0x080013f3   Thumb Code   182  stm32f10x_tim.o(.text)
    TIM_SetIC4Prescaler                      0x080014a9   Thumb Code    26  stm32f10x_tim.o(.text)
    TIM_SetIC3Prescaler                      0x08001545   Thumb Code    18  stm32f10x_tim.o(.text)
    TIM_SetIC2Prescaler                      0x080015d1   Thumb Code    26  stm32f10x_tim.o(.text)
    TIM_SetIC1Prescaler                      0x0800166d   Thumb Code    18  stm32f10x_tim.o(.text)
    TIM_ICInit                               0x080016eb   Thumb Code   150  stm32f10x_tim.o(.text)
    TIM_PWMIConfig                           0x08001781   Thumb Code   124  stm32f10x_tim.o(.text)
    TIM_BDTRConfig                           0x080017fd   Thumb Code    32  stm32f10x_tim.o(.text)
    TIM_TimeBaseStructInit                   0x0800181d   Thumb Code    18  stm32f10x_tim.o(.text)
    TIM_OCStructInit                         0x0800182f   Thumb Code    20  stm32f10x_tim.o(.text)
    TIM_ICStructInit                         0x08001843   Thumb Code    18  stm32f10x_tim.o(.text)
    TIM_BDTRStructInit                       0x08001855   Thumb Code    40  stm32f10x_tim.o(.text)
    TIM_Cmd                                  0x0800187d   Thumb Code    24  stm32f10x_tim.o(.text)
    TIM_CtrlPWMOutputs                       0x08001895   Thumb Code    30  stm32f10x_tim.o(.text)
    TIM_ITConfig                             0x080018b3   Thumb Code    18  stm32f10x_tim.o(.text)
    TIM_GenerateEvent                        0x080018c5   Thumb Code     4  stm32f10x_tim.o(.text)
    TIM_DMAConfig                            0x080018c9   Thumb Code    10  stm32f10x_tim.o(.text)
    TIM_DMACmd                               0x080018d3   Thumb Code    18  stm32f10x_tim.o(.text)
    TIM_InternalClockConfig                  0x080018e5   Thumb Code    12  stm32f10x_tim.o(.text)
    TIM_SelectInputTrigger                   0x080018f1   Thumb Code    18  stm32f10x_tim.o(.text)
    TIM_ITRxExternalClockConfig              0x08001903   Thumb Code    24  stm32f10x_tim.o(.text)
    TIM_TIxExternalClockConfig               0x0800191b   Thumb Code    62  stm32f10x_tim.o(.text)
    TIM_ETRConfig                            0x08001959   Thumb Code    28  stm32f10x_tim.o(.text)
    TIM_ETRClockMode1Config                  0x08001975   Thumb Code    54  stm32f10x_tim.o(.text)
    TIM_ETRClockMode2Config                  0x080019ab   Thumb Code    32  stm32f10x_tim.o(.text)
    TIM_PrescalerConfig                      0x080019cb   Thumb Code     6  stm32f10x_tim.o(.text)
    TIM_CounterModeConfig                    0x080019d1   Thumb Code    18  stm32f10x_tim.o(.text)
    TIM_EncoderInterfaceConfig               0x080019e3   Thumb Code    66  stm32f10x_tim.o(.text)
    TIM_ForcedOC1Config                      0x08001a25   Thumb Code    18  stm32f10x_tim.o(.text)
    TIM_ForcedOC2Config                      0x08001a37   Thumb Code    26  stm32f10x_tim.o(.text)
    TIM_ForcedOC3Config                      0x08001a51   Thumb Code    18  stm32f10x_tim.o(.text)
    TIM_ForcedOC4Config                      0x08001a63   Thumb Code    26  stm32f10x_tim.o(.text)
    TIM_ARRPreloadConfig                     0x08001a7d   Thumb Code    24  stm32f10x_tim.o(.text)
    TIM_SelectCOM                            0x08001a95   Thumb Code    24  stm32f10x_tim.o(.text)
    TIM_SelectCCDMA                          0x08001aad   Thumb Code    24  stm32f10x_tim.o(.text)
    TIM_CCPreloadControl                     0x08001ac5   Thumb Code    24  stm32f10x_tim.o(.text)
    TIM_OC1PreloadConfig                     0x08001add   Thumb Code    18  stm32f10x_tim.o(.text)
    TIM_OC2PreloadConfig                     0x08001aef   Thumb Code    26  stm32f10x_tim.o(.text)
    TIM_OC3PreloadConfig                     0x08001b09   Thumb Code    18  stm32f10x_tim.o(.text)
    TIM_OC4PreloadConfig                     0x08001b1b   Thumb Code    26  stm32f10x_tim.o(.text)
    TIM_OC1FastConfig                        0x08001b35   Thumb Code    18  stm32f10x_tim.o(.text)
    TIM_OC2FastConfig                        0x08001b47   Thumb Code    26  stm32f10x_tim.o(.text)
    TIM_OC3FastConfig                        0x08001b61   Thumb Code    18  stm32f10x_tim.o(.text)
    TIM_OC4FastConfig                        0x08001b73   Thumb Code    26  stm32f10x_tim.o(.text)
    TIM_ClearOC1Ref                          0x08001b8d   Thumb Code    18  stm32f10x_tim.o(.text)
    TIM_ClearOC2Ref                          0x08001b9f   Thumb Code    24  stm32f10x_tim.o(.text)
    TIM_ClearOC3Ref                          0x08001bb7   Thumb Code    18  stm32f10x_tim.o(.text)
    TIM_ClearOC4Ref                          0x08001bc9   Thumb Code    24  stm32f10x_tim.o(.text)
    TIM_OC1PolarityConfig                    0x08001be1   Thumb Code    18  stm32f10x_tim.o(.text)
    TIM_OC1NPolarityConfig                   0x08001bf3   Thumb Code    18  stm32f10x_tim.o(.text)
    TIM_OC2PolarityConfig                    0x08001c05   Thumb Code    26  stm32f10x_tim.o(.text)
    TIM_OC2NPolarityConfig                   0x08001c1f   Thumb Code    26  stm32f10x_tim.o(.text)
    TIM_OC3PolarityConfig                    0x08001c39   Thumb Code    26  stm32f10x_tim.o(.text)
    TIM_OC3NPolarityConfig                   0x08001c53   Thumb Code    26  stm32f10x_tim.o(.text)
    TIM_OC4PolarityConfig                    0x08001c6d   Thumb Code    26  stm32f10x_tim.o(.text)
    TIM_CCxCmd                               0x08001c87   Thumb Code    30  stm32f10x_tim.o(.text)
    TIM_CCxNCmd                              0x08001ca5   Thumb Code    30  stm32f10x_tim.o(.text)
    TIM_SelectOCxM                           0x08001cc3   Thumb Code    82  stm32f10x_tim.o(.text)
    TIM_UpdateDisableConfig                  0x08001d15   Thumb Code    24  stm32f10x_tim.o(.text)
    TIM_UpdateRequestConfig                  0x08001d2d   Thumb Code    24  stm32f10x_tim.o(.text)
    TIM_SelectHallSensor                     0x08001d45   Thumb Code    24  stm32f10x_tim.o(.text)
    TIM_SelectOnePulseMode                   0x08001d5d   Thumb Code    18  stm32f10x_tim.o(.text)
    TIM_SelectOutputTrigger                  0x08001d6f   Thumb Code    18  stm32f10x_tim.o(.text)
    TIM_SelectSlaveMode                      0x08001d81   Thumb Code    18  stm32f10x_tim.o(.text)
    TIM_SelectMasterSlaveMode                0x08001d93   Thumb Code    18  stm32f10x_tim.o(.text)
    TIM_SetCounter                           0x08001da5   Thumb Code     4  stm32f10x_tim.o(.text)
    TIM_SetAutoreload                        0x08001da9   Thumb Code     4  stm32f10x_tim.o(.text)
    TIM_SetCompare1                          0x08001dad   Thumb Code     4  stm32f10x_tim.o(.text)
    TIM_SetCompare2                          0x08001db1   Thumb Code     4  stm32f10x_tim.o(.text)
    TIM_SetCompare3                          0x08001db5   Thumb Code     4  stm32f10x_tim.o(.text)
    TIM_SetCompare4                          0x08001db9   Thumb Code     6  stm32f10x_tim.o(.text)
    TIM_SetClockDivision                     0x08001dbf   Thumb Code    18  stm32f10x_tim.o(.text)
    TIM_GetCapture1                          0x08001dd1   Thumb Code     6  stm32f10x_tim.o(.text)
    TIM_GetCapture2                          0x08001dd7   Thumb Code     6  stm32f10x_tim.o(.text)
    TIM_GetCapture3                          0x08001ddd   Thumb Code     6  stm32f10x_tim.o(.text)
    TIM_GetCapture4                          0x08001de3   Thumb Code     8  stm32f10x_tim.o(.text)
    TIM_GetCounter                           0x08001deb   Thumb Code     6  stm32f10x_tim.o(.text)
    TIM_GetPrescaler                         0x08001df1   Thumb Code     6  stm32f10x_tim.o(.text)
    TIM_GetFlagStatus                        0x08001df7   Thumb Code    18  stm32f10x_tim.o(.text)
    TIM_ClearFlag                            0x08001e09   Thumb Code     6  stm32f10x_tim.o(.text)
    TIM_GetITStatus                          0x08001e0f   Thumb Code    34  stm32f10x_tim.o(.text)
    TIM_ClearITPendingBit                    0x08001e31   Thumb Code     6  stm32f10x_tim.o(.text)
    Usart1_Init                              0x08001e39   Thumb Code   166  usart.o(.text)
    Usart2_Init                              0x08001edf   Thumb Code   162  usart.o(.text)
    Usart_SendString                         0x08001f81   Thumb Code    50  usart.o(.text)
    UsartPrintf                              0x08001fb3   Thumb Code    72  usart.o(.text)
    USART1_IRQHandler                        0x08001ffb   Thumb Code    24  usart.o(.text)
    remote_Init                              0x08002021   Thumb Code     8  midea.o(.text)
    TIM2_IRQHandler                          0x08002029   Thumb Code   150  midea.o(.text)
    Midea_Start                              0x080020bf   Thumb Code    42  midea.o(.text)
    Midea_Over                               0x080020e9   Thumb Code    52  midea.o(.text)
    Midea_Set                                0x0800211d   Thumb Code    40  midea.o(.text)
    Midea_Ret                                0x08002145   Thumb Code    40  midea.o(.text)
    Midea_Writebit                           0x0800216d   Thumb Code    38  midea.o(.text)
    Midea_Writedata                          0x08002193   Thumb Code    58  midea.o(.text)
    Midea_Number                             0x080021cd   Thumb Code   302  midea.o(.text)
    Midea_Stop                               0x080022fb   Thumb Code    70  midea.o(.text)
    OLED_I2C_Init                            0x0800235d   Thumb Code    72  oled.o(.text)
    OLED_I2C_Start                           0x080023a5   Thumb Code    44  oled.o(.text)
    OLED_I2C_Stop                            0x080023d1   Thumb Code    34  oled.o(.text)
    OLED_I2C_SendByte                        0x080023f3   Thumb Code    82  oled.o(.text)
    OLED_WriteCommand                        0x08002445   Thumb Code    32  oled.o(.text)
    OLED_WriteData                           0x08002465   Thumb Code    32  oled.o(.text)
    OLED_SetCursor                           0x08002485   Thumb Code    34  oled.o(.text)
    OLED_Clear                               0x080024a7   Thumb Code    42  oled.o(.text)
    OLED_ShowChar                            0x080024d1   Thumb Code   110  oled.o(.text)
    OLED_ShowString                          0x0800253f   Thumb Code    40  oled.o(.text)
    OLED_Pow                                 0x08002567   Thumb Code    20  oled.o(.text)
    OLED_ShowNum                             0x0800257b   Thumb Code    68  oled.o(.text)
    OLED_ShowSignedNum                       0x080025bf   Thumb Code   102  oled.o(.text)
    OLED_ShowHexNum                          0x08002625   Thumb Code    84  oled.o(.text)
    OLED_ShowBinNum                          0x08002679   Thumb Code    62  oled.o(.text)
    OLED_Init                                0x080026b7   Thumb Code   182  oled.o(.text)
    OLED_ShowMideaMode                       0x0800276d   Thumb Code    82  oled.o(.text)
    DHT11_Rst                                0x080027e9   Thumb Code    58  dht11.o(.text)
    DHT11_Check                              0x08002823   Thumb Code   100  dht11.o(.text)
    DHT11_Read_Bit                           0x08002887   Thumb Code    82  dht11.o(.text)
    DHT11_Read_Byte                          0x080028d9   Thumb Code    30  dht11.o(.text)
    DHT11_Read_Data                          0x080028f7   Thumb Code    88  dht11.o(.text)
    DHT11_Init                               0x0800294f   Thumb Code    54  dht11.o(.text)
    Delay_us                                 0x08002989   Thumb Code    46  delay.o(.text)
    Delay_ms                                 0x080029b7   Thumb Code    24  delay.o(.text)
    Delay_s                                  0x080029cf   Thumb Code    24  delay.o(.text)
    Hardware_Init                            0x080029e9   Thumb Code   114  main.o(.text)
    main                                     0x08002a5b   Thumb Code   364  main.o(.text)
    OneNET_RegisterDevice                    0x08002f17   Thumb Code   196  onenet.o(.text)
    OneNet_DevLink                           0x08002fdb   Thumb Code   244  onenet.o(.text)
    OneNet_FillBuf                           0x080030cf   Thumb Code  1214  onenet.o(.text)
    OneNet_SendData                          0x0800358d   Thumb Code   110  onenet.o(.text)
    OneNET_Publish                           0x080035fb   Thumb Code    86  onenet.o(.text)
    OneNET_Subscribe                         0x08003651   Thumb Code    86  onenet.o(.text)
    OneNet_RevPro                            0x080036a7   Thumb Code  1062  onenet.o(.text)
    ft                                       0x08003acd   Thumb Code    76  hmac_sha1.o(.text)
    k                                        0x08003b19   Thumb Code    34  hmac_sha1.o(.text)
    rotr                                     0x08003b3b   Thumb Code    40  hmac_sha1.o(.text)
    rotl                                     0x08003b63   Thumb Code    46  hmac_sha1.o(.text)
    sha1                                     0x08003b91   Thumb Code   632  hmac_sha1.o(.text)
    hmac_sha1                                0x08003e09   Thumb Code   330  hmac_sha1.o(.text)
    BASE64_Encode                            0x08003f55   Thumb Code   320  base64.o(.text)
    BASE64_Decode                            0x08004095   Thumb Code   360  base64.o(.text)
    MQTT_NewBuffer                           0x08004205   Thumb Code    88  mqttkit.o(.text)
    MQTT_DeleteBuffer                        0x0800425d   Thumb Code    28  mqttkit.o(.text)
    MQTT_DumpLength                          0x08004279   Thumb Code    46  mqttkit.o(.text)
    MQTT_ReadLength                          0x080042a7   Thumb Code    70  mqttkit.o(.text)
    MQTT_UnPacketRecv                        0x080042ed   Thumb Code   106  mqttkit.o(.text)
    MQTT_PacketConnect                       0x08004357   Thumb Code   666  mqttkit.o(.text)
    MQTT_PacketDisConnect                    0x080045f1   Thumb Code    48  mqttkit.o(.text)
    MQTT_UnPacketConnectAck                  0x08004621   Thumb Code    30  mqttkit.o(.text)
    MQTT_PacketPublish                       0x0800463f   Thumb Code   452  mqttkit.o(.text)
    MQTT_PacketSaveData                      0x08004803   Thumb Code   128  mqttkit.o(.text)
    MQTT_PacketSaveBinData                   0x08004883   Thumb Code   192  mqttkit.o(.text)
    MQTT_UnPacketCmd                         0x08004943   Thumb Code   140  mqttkit.o(.text)
    MQTT_PacketCmdResp                       0x080049cf   Thumb Code   132  mqttkit.o(.text)
    MQTT_PacketSubscribe                     0x08004a53   Thumb Code   254  mqttkit.o(.text)
    MQTT_UnPacketSubscribe                   0x08004b51   Thumb Code    52  mqttkit.o(.text)
    MQTT_PacketUnSubscribe                   0x08004b85   Thumb Code   364  mqttkit.o(.text)
    MQTT_UnPacketUnSubscribe                 0x08004cf1   Thumb Code    18  mqttkit.o(.text)
    MQTT_UnPacketPublish                     0x08004d03   Thumb Code   440  mqttkit.o(.text)
    MQTT_PacketPublishAck                    0x08004ebb   Thumb Code    72  mqttkit.o(.text)
    MQTT_UnPacketPublishAck                  0x08004f03   Thumb Code    30  mqttkit.o(.text)
    MQTT_PacketPublishRec                    0x08004f21   Thumb Code    72  mqttkit.o(.text)
    MQTT_UnPacketPublishRec                  0x08004f69   Thumb Code    30  mqttkit.o(.text)
    MQTT_PacketPublishRel                    0x08004f87   Thumb Code    72  mqttkit.o(.text)
    MQTT_UnPacketPublishRel                  0x08004fcf   Thumb Code    36  mqttkit.o(.text)
    MQTT_PacketPublishComp                   0x08004ff3   Thumb Code    72  mqttkit.o(.text)
    MQTT_UnPacketPublishComp                 0x0800503b   Thumb Code    30  mqttkit.o(.text)
    MQTT_PacketPing                          0x08005059   Thumb Code    48  mqttkit.o(.text)
    cJSON_GetErrorPtr                        0x08005089   Thumb Code     6  cjson.o(.text)
    cJSON_InitHooks                          0x08005103   Thumb Code    48  cjson.o(.text)
    cJSON_Delete                             0x0800514d   Thumb Code    82  cjson.o(.text)
    cJSON_ParseWithOpts                      0x08005cb9   Thumb Code   152  cjson.o(.text)
    cJSON_Parse                              0x08005d51   Thumb Code    16  cjson.o(.text)
    cJSON_Print                              0x080064e1   Thumb Code    18  cjson.o(.text)
    cJSON_PrintUnformatted                   0x080064f3   Thumb Code    18  cjson.o(.text)
    cJSON_PrintBuffered                      0x08006505   Thumb Code    52  cjson.o(.text)
    cJSON_GetArraySize                       0x08006539   Thumb Code    18  cjson.o(.text)
    cJSON_GetArrayItem                       0x0800654b   Thumb Code    18  cjson.o(.text)
    cJSON_GetObjectItem                      0x0800655d   Thumb Code    30  cjson.o(.text)
    cJSON_AddItemToArray                     0x080065b1   Thumb Code    42  cjson.o(.text)
    cJSON_AddItemToObject                    0x080065db   Thumb Code    44  cjson.o(.text)
    cJSON_AddItemToObjectCS                  0x08006607   Thumb Code    54  cjson.o(.text)
    cJSON_AddItemReferenceToArray            0x0800663d   Thumb Code    24  cjson.o(.text)
    cJSON_AddItemReferenceToObject           0x08006655   Thumb Code    32  cjson.o(.text)
    cJSON_DetachItemFromArray                0x08006675   Thumb Code    66  cjson.o(.text)
    cJSON_DeleteItemFromArray                0x080066b7   Thumb Code    22  cjson.o(.text)
    cJSON_DetachItemFromObject               0x080066cd   Thumb Code    50  cjson.o(.text)
    cJSON_DeleteItemFromObject               0x080066ff   Thumb Code    22  cjson.o(.text)
    cJSON_InsertItemInArray                  0x08006715   Thumb Code    64  cjson.o(.text)
    cJSON_ReplaceItemInArray                 0x08006755   Thumb Code    76  cjson.o(.text)
    cJSON_ReplaceItemInObject                0x080067a1   Thumb Code    62  cjson.o(.text)
    cJSON_CreateNull                         0x080067df   Thumb Code    18  cjson.o(.text)
    cJSON_CreateTrue                         0x080067f1   Thumb Code    18  cjson.o(.text)
    cJSON_CreateFalse                        0x08006803   Thumb Code    18  cjson.o(.text)
    cJSON_CreateBool                         0x08006815   Thumb Code    26  cjson.o(.text)
    cJSON_CreateNumber                       0x0800682f   Thumb Code    36  cjson.o(.text)
    cJSON_CreateString                       0x08006853   Thumb Code    28  cjson.o(.text)
    cJSON_CreateArray                        0x0800686f   Thumb Code    18  cjson.o(.text)
    cJSON_CreateObject                       0x08006881   Thumb Code    18  cjson.o(.text)
    cJSON_CreateIntArray                     0x08006893   Thumb Code    68  cjson.o(.text)
    cJSON_CreateFloatArray                   0x080068d7   Thumb Code    68  cjson.o(.text)
    cJSON_CreateDoubleArray                  0x0800691b   Thumb Code    68  cjson.o(.text)
    cJSON_CreateStringArray                  0x0800695f   Thumb Code    62  cjson.o(.text)
    cJSON_Duplicate                          0x0800699d   Thumb Code   178  cjson.o(.text)
    cJSON_Minify                             0x08006a4f   Thumb Code   186  cjson.o(.text)
    ESP8266_Clear                            0x08006b09   Thumb Code    20  esp8266.o(.text)
    ESP8266_WaitRecive                       0x08006b1d   Thumb Code    42  esp8266.o(.text)
    ESP8266_SendCmd                          0x08006b47   Thumb Code    76  esp8266.o(.text)
    ESP8266_SendData                         0x08006b93   Thumb Code    46  esp8266.o(.text)
    ESP8266_GetIPD                           0x08006bc1   Thumb Code    68  esp8266.o(.text)
    ESP8266_Init                             0x08006c05   Thumb Code   266  esp8266.o(.text)
    USART2_IRQHandler                        0x08006d0f   Thumb Code    64  esp8266.o(.text)
    Timer_Init                               0x08006e89   Thumb Code   196  timer.o(.text)
    tolower                                  0x08006f59   Thumb Code    12  tolower.o(.text)
    __aeabi_memcpy                           0x08006f65   Thumb Code    36  memcpya.o(.text)
    __aeabi_memcpy4                          0x08006f65   Thumb Code     0  memcpya.o(.text)
    __aeabi_memcpy8                          0x08006f65   Thumb Code     0  memcpya.o(.text)
    __aeabi_memset                           0x08006f89   Thumb Code    14  memseta.o(.text)
    __aeabi_memset4                          0x08006f89   Thumb Code     0  memseta.o(.text)
    __aeabi_memset8                          0x08006f89   Thumb Code     0  memseta.o(.text)
    __aeabi_memclr                           0x08006f97   Thumb Code     4  memseta.o(.text)
    __aeabi_memclr4                          0x08006f97   Thumb Code     0  memseta.o(.text)
    __aeabi_memclr8                          0x08006f97   Thumb Code     0  memseta.o(.text)
    _memset$wrapper                          0x08006f9b   Thumb Code    18  memseta.o(.text)
    strcat                                   0x08006fad   Thumb Code    24  strcat.o(.text)
    strstr                                   0x08006fc5   Thumb Code    36  strstr.o(.text)
    strncpy                                  0x08006fe9   Thumb Code    24  strncpy.o(.text)
    strchr                                   0x08007001   Thumb Code    20  strchr.o(.text)
    strlen                                   0x08007015   Thumb Code    14  strlen.o(.text)
    strncat                                  0x08007023   Thumb Code    40  strncat.o(.text)
    strcpy                                   0x0800704b   Thumb Code    18  strcpy.o(.text)
    strncmp                                  0x0800705d   Thumb Code    30  strncmp.o(.text)
    __0sscanf                                0x0800707d   Thumb Code    48  __0sscanf.o(.text)
    _scanf_int                               0x080070b5   Thumb Code   332  _scanf_int.o(.text)
    _scanf_string                            0x08007201   Thumb Code   224  _scanf_str.o(.text)
    atoi                                     0x080072e1   Thumb Code    26  atoi.o(.text)
    __aeabi_dadd                             0x080072fb   Thumb Code   322  dadd.o(.text)
    __aeabi_dsub                             0x0800743d   Thumb Code     6  dadd.o(.text)
    __aeabi_drsub                            0x08007443   Thumb Code     6  dadd.o(.text)
    __aeabi_dmul                             0x08007449   Thumb Code   228  dmul.o(.text)
    __aeabi_i2d                              0x0800752d   Thumb Code    34  dflti.o(.text)
    __aeabi_d2iz                             0x0800754f   Thumb Code    62  dfixi.o(.text)
    __aeabi_f2d                              0x0800758d   Thumb Code    38  f2d.o(.text)
    __aeabi_cdcmpeq                          0x080075b5   Thumb Code     0  cdcmple.o(.text)
    __aeabi_cdcmple                          0x080075b5   Thumb Code    48  cdcmple.o(.text)
    __aeabi_cdrcmple                         0x080075e5   Thumb Code    48  cdrcmple.o(.text)
    __aeabi_uidiv                            0x08007615   Thumb Code     0  uidiv.o(.text)
    __aeabi_uidivmod                         0x08007615   Thumb Code    44  uidiv.o(.text)
    __aeabi_uldivmod                         0x08007641   Thumb Code    98  uldiv.o(.text)
    __aeabi_llsl                             0x080076a3   Thumb Code    30  llshl.o(.text)
    _ll_shift_l                              0x080076a3   Thumb Code     0  llshl.o(.text)
    __aeabi_llsr                             0x080076c1   Thumb Code    32  llushr.o(.text)
    _ll_ushift_r                             0x080076c1   Thumb Code     0  llushr.o(.text)
    __aeabi_lasr                             0x080076e1   Thumb Code    36  llsshr.o(.text)
    _ll_sshift_r                             0x080076e1   Thumb Code     0  llsshr.o(.text)
    _chval                                   0x08007705   Thumb Code    28  _chval.o(.text)
    __vfscanf_char                           0x0800772d   Thumb Code    20  scanf_char.o(.text)
    _sgetc                                   0x08007749   Thumb Code    30  _sgetc.o(.text)
    _sbackspace                              0x08007767   Thumb Code    34  _sgetc.o(.text)
    strtol                                   0x08007789   Thumb Code   112  strtol.o(.text)
    __I$use$fp                               0x080077f9   Thumb Code     0  iusefp.o(.text)
    _double_round                            0x080077f9   Thumb Code    30  depilogue.o(.text)
    _double_epilogue                         0x08007817   Thumb Code   156  depilogue.o(.text)
    __aeabi_ddiv                             0x080078b3   Thumb Code   222  ddiv.o(.text)
    __ARM_scalbn                             0x08007991   Thumb Code    46  dscalb.o(.text)
    scalbn                                   0x08007991   Thumb Code     0  dscalb.o(.text)
    __aeabi_d2ulz                            0x080079bf   Thumb Code    48  dfixul.o(.text)
    __scatterload                            0x080079f1   Thumb Code    28  init.o(.text)
    __scatterload_rt2                        0x080079f1   Thumb Code     0  init.o(.text)
    __rt_ctype_table                         0x08007a15   Thumb Code     4  ctype_o.o(.text)
    isspace                                  0x08007a1d   Thumb Code    18  isspace_o.o(.text)
    __vfscanf                                0x08007a31   Thumb Code   808  _scanf.o(.text)
    _strtoul                                 0x08007d5d   Thumb Code   158  _strtoul.o(.text)
    _dsqrt                                   0x08007dfb   Thumb Code   162  dsqrt.o(.text)
    __0snprintf                              0x08007e9d   Thumb Code    44  printfa.o(i.__0snprintf)
    __1snprintf                              0x08007e9d   Thumb Code     0  printfa.o(i.__0snprintf)
    __2snprintf                              0x08007e9d   Thumb Code     0  printfa.o(i.__0snprintf)
    __c89snprintf                            0x08007e9d   Thumb Code     0  printfa.o(i.__0snprintf)
    snprintf                                 0x08007e9d   Thumb Code     0  printfa.o(i.__0snprintf)
    __0sprintf                               0x08007ecd   Thumb Code    34  printfa.o(i.__0sprintf)
    __1sprintf                               0x08007ecd   Thumb Code     0  printfa.o(i.__0sprintf)
    __2sprintf                               0x08007ecd   Thumb Code     0  printfa.o(i.__0sprintf)
    __c89sprintf                             0x08007ecd   Thumb Code     0  printfa.o(i.__0sprintf)
    sprintf                                  0x08007ecd   Thumb Code     0  printfa.o(i.__0sprintf)
    __0vsnprintf                             0x08007ef5   Thumb Code    40  printfa.o(i.__0vsnprintf)
    __1vsnprintf                             0x08007ef5   Thumb Code     0  printfa.o(i.__0vsnprintf)
    __2vsnprintf                             0x08007ef5   Thumb Code     0  printfa.o(i.__0vsnprintf)
    __c89vsnprintf                           0x08007ef5   Thumb Code     0  printfa.o(i.__0vsnprintf)
    vsnprintf                                0x08007ef5   Thumb Code     0  printfa.o(i.__0vsnprintf)
    __ARM_fpclassify                         0x08007f21   Thumb Code    40  fpclassify.o(i.__ARM_fpclassify)
    __aeabi_errno_addr                       0x08007f49   Thumb Code     4  errno.o(i.__aeabi_errno_addr)
    __rt_errno_addr                          0x08007f49   Thumb Code     0  errno.o(i.__aeabi_errno_addr)
    __kernel_poly                            0x08007f51   Thumb Code   170  poly.o(i.__kernel_poly)
    __mathlib_dbl_divzero                    0x08007ffd   Thumb Code    12  dunder.o(i.__mathlib_dbl_divzero)
    __mathlib_dbl_infnan2                    0x0800800d   Thumb Code     4  dunder.o(i.__mathlib_dbl_infnan2)
    __mathlib_dbl_invalid                    0x08008011   Thumb Code    12  dunder.o(i.__mathlib_dbl_invalid)
    __mathlib_dbl_overflow                   0x0800801d   Thumb Code    14  dunder.o(i.__mathlib_dbl_overflow)
    __mathlib_dbl_underflow                  0x0800802d   Thumb Code    10  dunder.o(i.__mathlib_dbl_underflow)
    __scatterload_copy                       0x0800803d   Thumb Code    14  handlers.o(i.__scatterload_copy)
    __scatterload_null                       0x0800804b   Thumb Code     2  handlers.o(i.__scatterload_null)
    __scatterload_zeroinit                   0x0800804d   Thumb Code    14  handlers.o(i.__scatterload_zeroinit)
    __set_errno                              0x0800805d   Thumb Code     6  errno.o(i.__set_errno)
    floor                                    0x0800893d   Thumb Code   204  floor.o(i.floor)
    free                                     0x08008a19   Thumb Code    76  malloc.o(i.free)
    malloc                                   0x08008a69   Thumb Code    92  malloc.o(i.malloc)
    pow                                      0x08008ad5   Thumb Code  2512  pow.o(i.pow)
    sqrt                                     0x080094ad   Thumb Code    76  sqrt.o(i.sqrt)
    OLED_F8x16                               0x080094f8   Data        1520  oled.o(.constdata)
    __mathlib_zero                           0x08009c38   Data           8  qnan.o(.constdata)
    __ctype_table                            0x08009c40   Data         129  ctype_o.o(.constdata)
    Region$$Table$$Base                      0x08009dec   Number         0  anon$$obj.o(Region$$Table)
    Region$$Table$$Limit                     0x08009e0c   Number         0  anon$$obj.o(Region$$Table)
    SystemCoreClock                          0x20000000   Data           4  system_stm32f10x.o(.data)
    AHBPrescTable                            0x20000004   Data          16  system_stm32f10x.o(.data)
    MDIR_flag                                0x20000028   Data           1  midea.o(.data)
    IR_cnt                                   0x2000002c   Data           4  midea.o(.data)
    IR_num                                   0x20000030   Data           4  midea.o(.data)
    h_num                                    0x20000034   Data           4  midea.o(.data)
    Midea_temp                               0x20000038   Data           1  midea.o(.data)
    Midea_mode                               0x20000039   Data           1  midea.o(.data)
    Midea_sped                               0x2000003a   Data           1  midea.o(.data)
    Midea_Cool                               0x2000003b   Data           3  midea.o(.data)
    Midea_stop                               0x2000003e   Data           3  midea.o(.data)
    temp                                     0x20000044   Data           1  main.o(.data)
    humi                                     0x20000045   Data           1  main.o(.data)
    temp_Set                                 0x20000048   Data           4  main.o(.data)
    mode                                     0x2000004c   Data           4  main.o(.data)
    speed                                    0x20000050   Data           4  main.o(.data)
    R_S_Flag                                 0x20000054   Data           4  main.o(.data)
    esp8266_cnt                              0x20000068   Data           2  esp8266.o(.data)
    esp8266_cntPre                           0x2000006a   Data           2  esp8266.o(.data)
    __microlib_freelist                      0x2000006c   Data           4  mvars.o(.data)
    __microlib_freelist_initialised          0x20000070   Data           4  mvars.o(.data)
    id                                       0x20000078   Data          30  main.o(.bss)
    devid                                    0x20000096   Data          16  onenet.o(.bss)
    key                                      0x200000a6   Data          48  onenet.o(.bss)
    esp8266_buf                              0x200000d6   Data         512  esp8266.o(.bss)
    __heap_base                              0x200002d8   Data           0  startup_stm32f10x_md.o(HEAP)
    __heap_limit                             0x200007d8   Data           0  startup_stm32f10x_md.o(HEAP)
    __initial_sp                             0x20003bd8   Data           0  startup_stm32f10x_md.o(STACK)



==============================================================================

Memory Map of the image

  Image Entry point : 0x080000ed

  Load Region LR_IROM1 (Base: 0x08000000, Size: 0x00009e84, Max: 0x00010000, ABSOLUTE)

    Execution Region ER_IROM1 (Exec base: 0x08000000, Load base: 0x08000000, Size: 0x00009e0c, Max: 0x00010000, ABSOLUTE)

    Exec Addr    Load Addr    Size         Type   Attr      Idx    E Section Name        Object

    0x08000000   0x08000000   0x000000ec   Data   RO          139    RESET               startup_stm32f10x_md.o
    0x080000ec   0x080000ec   0x00000000   Code   RO          793  * .ARM.Collect$$$$00000000  mc_w.l(entry.o)
    0x080000ec   0x080000ec   0x00000004   Code   RO         1158    .ARM.Collect$$$$00000001  mc_w.l(entry2.o)
    0x080000f0   0x080000f0   0x00000004   Code   RO         1161    .ARM.Collect$$$$00000004  mc_w.l(entry5.o)
    0x080000f4   0x080000f4   0x00000000   Code   RO         1163    .ARM.Collect$$$$00000008  mc_w.l(entry7b.o)
    0x080000f4   0x080000f4   0x00000000   Code   RO         1165    .ARM.Collect$$$$0000000A  mc_w.l(entry8b.o)
    0x080000f4   0x080000f4   0x00000008   Code   RO         1166    .ARM.Collect$$$$0000000B  mc_w.l(entry9a.o)
    0x080000fc   0x080000fc   0x00000000   Code   RO         1168    .ARM.Collect$$$$0000000D  mc_w.l(entry10a.o)
    0x080000fc   0x080000fc   0x00000000   Code   RO         1170    .ARM.Collect$$$$0000000F  mc_w.l(entry11a.o)
    0x080000fc   0x080000fc   0x00000004   Code   RO         1159    .ARM.Collect$$$$00002712  mc_w.l(entry2.o)
    0x08000100   0x08000100   0x00000134   Code   RO           17    .text               stm32f10x_it.o
    0x08000234   0x08000234   0x000001e0   Code   RO          119    .text               system_stm32f10x.o
    0x08000414   0x08000414   0x00000024   Code   RO          140    .text               startup_stm32f10x_md.o
    0x08000438   0x08000438   0x000000dc   Code   RO          144    .text               misc.o
    0x08000514   0x08000514   0x0000035c   Code   RO          182    .text               stm32f10x_gpio.o
    0x08000870   0x08000870   0x000003a4   Code   RO          194    .text               stm32f10x_rcc.o
    0x08000c14   0x08000c14   0x00000408   Code   RO          208    .text               stm32f10x_usart.o
    0x0800101c   0x0800101c   0x00000e1a   Code   RO          424    .text               stm32f10x_tim.o
    0x08001e36   0x08001e36   0x00000002   PAD
    0x08001e38   0x08001e38   0x000001e8   Code   RO          448    .text               usart.o
    0x08002020   0x08002020   0x0000033c   Code   RO          473    .text               midea.o
    0x0800235c   0x0800235c   0x0000048c   Code   RO          513    .text               oled.o
    0x080027e8   0x080027e8   0x000001a0   Code   RO          534    .text               dht11.o
    0x08002988   0x08002988   0x0000005e   Code   RO          549    .text               delay.o
    0x080029e6   0x080029e6   0x00000002   PAD
    0x080029e8   0x080029e8   0x0000031c   Code   RO          561    .text               main.o
    0x08002d04   0x08002d04   0x00000dc8   Code   RO          587    .text               onenet.o
    0x08003acc   0x08003acc   0x00000486   Code   RO          637    .text               hmac_sha1.o
    0x08003f52   0x08003f52   0x00000002   PAD
    0x08003f54   0x08003f54   0x000002b0   Code   RO          659    .text               base64.o
    0x08004204   0x08004204   0x00000e84   Code   RO          680    .text               mqttkit.o
    0x08005088   0x08005088   0x00001a80   Code   RO          708    .text               cjson.o
    0x08006b08   0x08006b08   0x00000380   Code   RO          746    .text               esp8266.o
    0x08006e88   0x08006e88   0x000000d0   Code   RO          762    .text               timer.o
    0x08006f58   0x08006f58   0x0000000c   Code   RO          796    .text               mc_w.l(tolower.o)
    0x08006f64   0x08006f64   0x00000024   Code   RO          798    .text               mc_w.l(memcpya.o)
    0x08006f88   0x08006f88   0x00000024   Code   RO          800    .text               mc_w.l(memseta.o)
    0x08006fac   0x08006fac   0x00000018   Code   RO          802    .text               mc_w.l(strcat.o)
    0x08006fc4   0x08006fc4   0x00000024   Code   RO          804    .text               mc_w.l(strstr.o)
    0x08006fe8   0x08006fe8   0x00000018   Code   RO          806    .text               mc_w.l(strncpy.o)
    0x08007000   0x08007000   0x00000014   Code   RO          808    .text               mc_w.l(strchr.o)
    0x08007014   0x08007014   0x0000000e   Code   RO          810    .text               mc_w.l(strlen.o)
    0x08007022   0x08007022   0x00000028   Code   RO          812    .text               mc_w.l(strncat.o)
    0x0800704a   0x0800704a   0x00000012   Code   RO          814    .text               mc_w.l(strcpy.o)
    0x0800705c   0x0800705c   0x0000001e   Code   RO          816    .text               mc_w.l(strncmp.o)
    0x0800707a   0x0800707a   0x00000002   PAD
    0x0800707c   0x0800707c   0x00000038   Code   RO         1109    .text               mc_w.l(__0sscanf.o)
    0x080070b4   0x080070b4   0x0000014c   Code   RO         1111    .text               mc_w.l(_scanf_int.o)
    0x08007200   0x08007200   0x000000e0   Code   RO         1113    .text               mc_w.l(_scanf_str.o)
    0x080072e0   0x080072e0   0x0000001a   Code   RO         1115    .text               mc_w.l(atoi.o)
    0x080072fa   0x080072fa   0x0000014e   Code   RO         1117    .text               mf_w.l(dadd.o)
    0x08007448   0x08007448   0x000000e4   Code   RO         1119    .text               mf_w.l(dmul.o)
    0x0800752c   0x0800752c   0x00000022   Code   RO         1121    .text               mf_w.l(dflti.o)
    0x0800754e   0x0800754e   0x0000003e   Code   RO         1123    .text               mf_w.l(dfixi.o)
    0x0800758c   0x0800758c   0x00000026   Code   RO         1125    .text               mf_w.l(f2d.o)
    0x080075b2   0x080075b2   0x00000002   PAD
    0x080075b4   0x080075b4   0x00000030   Code   RO         1127    .text               mf_w.l(cdcmple.o)
    0x080075e4   0x080075e4   0x00000030   Code   RO         1129    .text               mf_w.l(cdrcmple.o)
    0x08007614   0x08007614   0x0000002c   Code   RO         1175    .text               mc_w.l(uidiv.o)
    0x08007640   0x08007640   0x00000062   Code   RO         1177    .text               mc_w.l(uldiv.o)
    0x080076a2   0x080076a2   0x0000001e   Code   RO         1179    .text               mc_w.l(llshl.o)
    0x080076c0   0x080076c0   0x00000020   Code   RO         1181    .text               mc_w.l(llushr.o)
    0x080076e0   0x080076e0   0x00000024   Code   RO         1183    .text               mc_w.l(llsshr.o)
    0x08007704   0x08007704   0x0000001c   Code   RO         1194    .text               mc_w.l(_chval.o)
    0x08007720   0x08007720   0x00000028   Code   RO         1196    .text               mc_w.l(scanf_char.o)
    0x08007748   0x08007748   0x00000040   Code   RO         1198    .text               mc_w.l(_sgetc.o)
    0x08007788   0x08007788   0x00000070   Code   RO         1200    .text               mc_w.l(strtol.o)
    0x080077f8   0x080077f8   0x00000000   Code   RO         1202    .text               mc_w.l(iusefp.o)
    0x080077f8   0x080077f8   0x000000ba   Code   RO         1203    .text               mf_w.l(depilogue.o)
    0x080078b2   0x080078b2   0x000000de   Code   RO         1205    .text               mf_w.l(ddiv.o)
    0x08007990   0x08007990   0x0000002e   Code   RO         1207    .text               mf_w.l(dscalb.o)
    0x080079be   0x080079be   0x00000030   Code   RO         1209    .text               mf_w.l(dfixul.o)
    0x080079ee   0x080079ee   0x00000002   PAD
    0x080079f0   0x080079f0   0x00000024   Code   RO         1211    .text               mc_w.l(init.o)
    0x08007a14   0x08007a14   0x00000008   Code   RO         1216    .text               mc_w.l(ctype_o.o)
    0x08007a1c   0x08007a1c   0x00000012   Code   RO         1238    .text               mc_w.l(isspace_o.o)
    0x08007a2e   0x08007a2e   0x00000002   PAD
    0x08007a30   0x08007a30   0x0000032c   Code   RO         1244    .text               mc_w.l(_scanf.o)
    0x08007d5c   0x08007d5c   0x0000009e   Code   RO         1246    .text               mc_w.l(_strtoul.o)
    0x08007dfa   0x08007dfa   0x000000a2   Code   RO         1249    .text               mf_w.l(dsqrt.o)
    0x08007e9c   0x08007e9c   0x00000030   Code   RO         1054    i.__0snprintf       mc_w.l(printfa.o)
    0x08007ecc   0x08007ecc   0x00000028   Code   RO         1055    i.__0sprintf        mc_w.l(printfa.o)
    0x08007ef4   0x08007ef4   0x0000002c   Code   RO         1058    i.__0vsnprintf      mc_w.l(printfa.o)
    0x08007f20   0x08007f20   0x00000028   Code   RO         1145    i.__ARM_fpclassify  m_ws.l(fpclassify.o)
    0x08007f48   0x08007f48   0x00000008   Code   RO         1187    i.__aeabi_errno_addr  mc_w.l(errno.o)
    0x08007f50   0x08007f50   0x000000aa   Code   RO         1147    i.__kernel_poly     m_ws.l(poly.o)
    0x08007ffa   0x08007ffa   0x00000002   PAD
    0x08007ffc   0x08007ffc   0x00000010   Code   RO         1131    i.__mathlib_dbl_divzero  m_ws.l(dunder.o)
    0x0800800c   0x0800800c   0x00000004   Code   RO         1133    i.__mathlib_dbl_infnan2  m_ws.l(dunder.o)
    0x08008010   0x08008010   0x0000000c   Code   RO         1134    i.__mathlib_dbl_invalid  m_ws.l(dunder.o)
    0x0800801c   0x0800801c   0x0000000e   Code   RO         1135    i.__mathlib_dbl_overflow  m_ws.l(dunder.o)
    0x0800802a   0x0800802a   0x00000002   PAD
    0x0800802c   0x0800802c   0x00000010   Code   RO         1137    i.__mathlib_dbl_underflow  m_ws.l(dunder.o)
    0x0800803c   0x0800803c   0x0000000e   Code   RO         1256    i.__scatterload_copy  mc_w.l(handlers.o)
    0x0800804a   0x0800804a   0x00000002   Code   RO         1257    i.__scatterload_null  mc_w.l(handlers.o)
    0x0800804c   0x0800804c   0x0000000e   Code   RO         1258    i.__scatterload_zeroinit  mc_w.l(handlers.o)
    0x0800805a   0x0800805a   0x00000002   PAD
    0x0800805c   0x0800805c   0x0000000c   Code   RO         1189    i.__set_errno       mc_w.l(errno.o)
    0x08008068   0x08008068   0x00000184   Code   RO         1060    i._fp_digits        mc_w.l(printfa.o)
    0x080081ec   0x080081ec   0x000006dc   Code   RO         1061    i._printf_core      mc_w.l(printfa.o)
    0x080088c8   0x080088c8   0x00000024   Code   RO         1062    i._printf_post_padding  mc_w.l(printfa.o)
    0x080088ec   0x080088ec   0x0000002e   Code   RO         1063    i._printf_pre_padding  mc_w.l(printfa.o)
    0x0800891a   0x0800891a   0x00000016   Code   RO         1064    i._snputc           mc_w.l(printfa.o)
    0x08008930   0x08008930   0x0000000a   Code   RO         1065    i._sputc            mc_w.l(printfa.o)
    0x0800893a   0x0800893a   0x00000002   PAD
    0x0800893c   0x0800893c   0x000000dc   Code   RO          780    i.floor             m_ws.l(floor.o)
    0x08008a18   0x08008a18   0x00000050   Code   RO         1081    i.free              mc_w.l(malloc.o)
    0x08008a68   0x08008a68   0x0000006c   Code   RO         1082    i.malloc            mc_w.l(malloc.o)
    0x08008ad4   0x08008ad4   0x000009d8   Code   RO          784    i.pow               m_ws.l(pow.o)
    0x080094ac   0x080094ac   0x0000004c   Code   RO         1151    i.sqrt              m_ws.l(sqrt.o)
    0x080094f8   0x080094f8   0x000005f0   Data   RO          514    .constdata          oled.o
    0x08009ae8   0x08009ae8   0x000000c0   Data   RO          660    .constdata          base64.o
    0x08009ba8   0x08009ba8   0x00000007   Data   RO          709    .constdata          cjson.o
    0x08009baf   0x08009baf   0x00000001   PAD
    0x08009bb0   0x08009bb0   0x00000088   Data   RO          785    .constdata          m_ws.l(pow.o)
    0x08009c38   0x08009c38   0x00000008   Data   RO         1149    .constdata          m_ws.l(qnan.o)
    0x08009c40   0x08009c40   0x00000081   Data   RO         1217    .constdata          mc_w.l(ctype_o.o)
    0x08009cc1   0x08009cc1   0x00000003   PAD
    0x08009cc4   0x08009cc4   0x00000004   Data   RO         1218    .constdata          mc_w.l(ctype_o.o)
    0x08009cc8   0x08009cc8   0x00000123   Data   RO          589    .conststring        onenet.o
    0x08009deb   0x08009deb   0x00000001   PAD
    0x08009dec   0x08009dec   0x00000020   Data   RO         1254    Region$$Table       anon$$obj.o


    Execution Region RW_IRAM1 (Exec base: 0x20000000, Load base: 0x08009e0c, Size: 0x00003bd8, Max: 0x00005000, ABSOLUTE)

    Exec Addr    Load Addr    Size         Type   Attr      Idx    E Section Name        Object

    0x20000000   0x08009e0c   0x00000014   Data   RW          120    .data               system_stm32f10x.o
    0x20000014   0x08009e20   0x00000014   Data   RW          195    .data               stm32f10x_rcc.o
    0x20000028   0x08009e34   0x00000019   Data   RW          474    .data               midea.o
    0x20000041   0x08009e4d   0x00000003   PAD
    0x20000044   0x08009e50   0x00000014   Data   RW          563    .data               main.o
    0x20000058   0x08009e64   0x00000002   Data   RW          590    .data               onenet.o
    0x2000005a   0x08009e66   0x00000002   PAD
    0x2000005c   0x08009e68   0x0000000c   Data   RW          710    .data               cjson.o
    0x20000068   0x08009e74   0x00000004   Data   RW          748    .data               esp8266.o
    0x2000006c   0x08009e78   0x00000004   Data   RW         1185    .data               mc_w.l(mvars.o)
    0x20000070   0x08009e7c   0x00000004   Data   RW         1186    .data               mc_w.l(mvars.o)
    0x20000074   0x08009e80   0x00000004   Data   RW         1190    .data               mc_w.l(errno.o)
    0x20000078        -       0x0000001e   Zero   RW          562    .bss                main.o
    0x20000096        -       0x00000040   Zero   RW          588    .bss                onenet.o
    0x200000d6        -       0x00000200   Zero   RW          747    .bss                esp8266.o
    0x200002d6   0x08009e84   0x00000002   PAD
    0x200002d8        -       0x00000500   Zero   RW          138    HEAP                startup_stm32f10x_md.o
    0x200007d8        -       0x00003400   Zero   RW          137    STACK               startup_stm32f10x_md.o


==============================================================================

Image component sizes


      Code (inc. data)   RO Data    RW Data    ZI Data      Debug   Object Name

       688          8        192          0          0       3154   base64.o
      6784        208          7         12          0      24224   cjson.o
         0          0          0          0          0       4532   core_cm3.o
        94          0          0          0          0        852   delay.o
       416          4          0          0          0       2122   dht11.o
       896        314          0          4        512       3015   esp8266.o
      1158         28          0          0          0       3212   hmac_sha1.o
       796        318          0         20         30       1837   main.o
       828         54          0         25          0       3319   midea.o
       220         22          0          0          0     205081   misc.o
      3716        136          0          0          0      15383   mqttkit.o
      1164         56       1520          0          0       5231   oled.o
      3528       1412        291          2         64       9815   onenet.o
        36          8        236          0      14592        812   startup_stm32f10x_md.o
       860         38          0          0          0       5673   stm32f10x_gpio.o
       308        248          0          0          0      44811   stm32f10x_it.o
       932         36          0         20          0       8836   stm32f10x_rcc.o
      3610         88          0          0          0      22780   stm32f10x_tim.o
      1032         22          0          0          0       8396   stm32f10x_usart.o
       480         38          0         20          0       1767   system_stm32f10x.o
       208         12          0          0          0      15848   timer.o
       488         14          0          0          0       3285   usart.o

    ----------------------------------------------------------------------
     28248       3064       2280        108      15200     393985   Object Totals
         0          0         32          0          0          0   (incl. Generated)
         6          0          2          5          2          0   (incl. Padding)

    ----------------------------------------------------------------------

      Code (inc. data)   RO Data    RW Data    ZI Data      Debug   Library Member Name

        62         10          0          0          0        340   dunder.o
       220         16          0          0          0         84   floor.o
        40          0          0          0          0         68   fpclassify.o
       170          0          0          0          0         96   poly.o
      2520        190        136          0          0        324   pow.o
         0          0          8          0          0          0   qnan.o
        76          0          0          0          0         84   sqrt.o
        56          8          0          0          0         84   __0sscanf.o
        28          0          0          0          0         68   _chval.o
       812          4          0          0          0        112   _scanf.o
       332          0          0          0          0         96   _scanf_int.o
       224          0          0          0          0         96   _scanf_str.o
        64          0          0          0          0         84   _sgetc.o
       158          0          0          0          0         92   _strtoul.o
        26          0          0          0          0         80   atoi.o
         8          4        133          0          0         68   ctype_o.o
         0          0          0          0          0          0   entry.o
         0          0          0          0          0          0   entry10a.o
         0          0          0          0          0          0   entry11a.o
         8          4          0          0          0          0   entry2.o
         4          0          0          0          0          0   entry5.o
         0          0          0          0          0          0   entry7b.o
         0          0          0          0          0          0   entry8b.o
         8          4          0          0          0          0   entry9a.o
        20         10          0          4          0        136   errno.o
        30          0          0          0          0          0   handlers.o
        36          8          0          0          0         68   init.o
        18          0          0          0          0         76   isspace_o.o
         0          0          0          0          0          0   iusefp.o
        30          0          0          0          0         68   llshl.o
        36          0          0          0          0         68   llsshr.o
        32          0          0          0          0         68   llushr.o
       188         20          0          0          0        160   malloc.o
        36          0          0          0          0         68   memcpya.o
        36          0          0          0          0        108   memseta.o
         0          0          0          8          0          0   mvars.o
      2390         94          0          0          0        752   printfa.o
        40          8          0          0          0         84   scanf_char.o
        24          0          0          0          0         68   strcat.o
        20          0          0          0          0         68   strchr.o
        18          0          0          0          0         68   strcpy.o
        14          0          0          0          0         68   strlen.o
        40          0          0          0          0         76   strncat.o
        30          0          0          0          0         80   strncmp.o
        24          0          0          0          0         76   strncpy.o
        36          0          0          0          0         80   strstr.o
       112          0          0          0          0         88   strtol.o
        12          0          0          0          0         68   tolower.o
        44          0          0          0          0         80   uidiv.o
        98          0          0          0          0         92   uldiv.o
        48          0          0          0          0         68   cdcmple.o
        48          0          0          0          0         68   cdrcmple.o
       334          0          0          0          0        148   dadd.o
       222          0          0          0          0        100   ddiv.o
       186          0          0          0          0        176   depilogue.o
        62          0          0          0          0         80   dfixi.o
        48          0          0          0          0         68   dfixul.o
        34          0          0          0          0         76   dflti.o
       228          0          0          0          0         96   dmul.o
        46          0          0          0          0         80   dscalb.o
       162          0          0          0          0        100   dsqrt.o
        38          0          0          0          0         68   f2d.o

    ----------------------------------------------------------------------
      9652        380        280         12          0       5472   Library Totals
        16          0          3          0          0          0   (incl. Padding)

    ----------------------------------------------------------------------

      Code (inc. data)   RO Data    RW Data    ZI Data      Debug   Library Name

      3088        216        144          0          0        996   m_ws.l
      5092        164        133         12          0       3348   mc_w.l
      1456          0          0          0          0       1128   mf_w.l

    ----------------------------------------------------------------------
      9652        380        280         12          0       5472   Library Totals

    ----------------------------------------------------------------------

==============================================================================


      Code (inc. data)   RO Data    RW Data    ZI Data      Debug   

     37900       3444       2560        120      15200     394773   Grand Totals
     37900       3444       2560        120      15200     394773   ELF Image Totals
     37900       3444       2560        120          0          0   ROM Totals

==============================================================================

    Total RO  Size (Code + RO Data)                40460 (  39.51kB)
    Total RW  Size (RW Data + ZI Data)             15320 (  14.96kB)
    Total ROM Size (Code + RO Data + RW Data)      40580 (  39.63kB)

==============================================================================

